
===========================================================================
 report_power
============================================================================
======================= nom_tt_025C_1v80 Corner ===================================

Group                    Internal    Switching      Leakage        Total
                            Power        Power        Power        Power (Watts)
------------------------------------------------------------------------
Sequential           3.181365e-07 0.000000e+00 3.491286e-11 3.181714e-07  65.7%
Combinational        7.961908e-08 8.621640e-08 6.636545e-11 1.659018e-07  34.3%
Clock                0.000000e+00 0.000000e+00 0.000000e+00 0.000000e+00   0.0%
Macro                0.000000e+00 0.000000e+00 0.000000e+00 0.000000e+00   0.0%
Pad                  0.000000e+00 0.000000e+00 0.000000e+00 0.000000e+00   0.0%
------------------------------------------------------------------------
Total                3.977556e-07 8.621640e-08 1.012783e-10 4.840733e-07 100.0%
                            82.2%        17.8%         0.0%

