┏━━━━━━━━━━━━━━━━━━┳━━━━━━━━━━━━━━━━━━┳━━━━━━━━━━━━━━━━━┳━━━━━━━━━━━━━━━━━━━━━┳━━━━━━━━━━━━━━━━━━━┳━━━━━━━━━━━━━━━━━━┳━━━━━━━━━━━━━━━━━━━━━┳━━━━━━━━━━━━━━━━━━━━┳━━━━━━━━━━━━━━━━━━━━━┓
┃ Corner/Group     ┃ Hold Worst Slack ┃ Hold Violations ┃ of which reg-to-reg ┃ Setup Worst Slack ┃ Setup Violations ┃ of which reg-to-reg ┃ Max Cap Violations ┃ Max Slew Violations ┃
┡━━━━━━━━━━━━━━━━━━╇━━━━━━━━━━━━━━━━━━╇━━━━━━━━━━━━━━━━━╇━━━━━━━━━━━━━━━━━━━━━╇━━━━━━━━━━━━━━━━━━━╇━━━━━━━━━━━━━━━━━━╇━━━━━━━━━━━━━━━━━━━━━╇━━━━━━━━━━━━━━━━━━━━╇━━━━━━━━━━━━━━━━━━━━━┩
│ Overall          │ inf              │ 0               │ 0                   │ inf               │ 0                │ 0                   │ 0                  │ 0                   │
│ nom_tt_025C_1v80 │ inf              │ 0               │ 0                   │ inf               │ 0                │ 0                   │ 0                  │ 0                   │
│ nom_ss_100C_1v60 │ inf              │ 0               │ 0                   │ inf               │ 0                │ 0                   │ 0                  │ 0                   │
│ nom_ff_n40C_1v95 │ inf              │ 0               │ 0                   │ inf               │ 0                │ 0                   │ 0                  │ 0                   │
│ min_tt_025C_1v80 │ inf              │ 0               │ 0                   │ inf               │ 0                │ 0                   │ 0                  │ 0                   │
│ min_ss_100C_1v60 │ inf              │ 0               │ 0                   │ inf               │ 0                │ 0                   │ 0                  │ 0                   │
│ min_ff_n40C_1v95 │ inf              │ 0               │ 0                   │ inf               │ 0                │ 0                   │ 0                  │ 0                   │
│ max_tt_025C_1v80 │ inf              │ 0               │ 0                   │ inf               │ 0                │ 0                   │ 0                  │ 0                   │
│ max_ss_100C_1v60 │ inf              │ 0               │ 0                   │ inf               │ 0                │ 0                   │ 0                  │ 0                   │
│ max_ff_n40C_1v95 │ inf              │ 0               │ 0                   │ inf               │ 0                │ 0                   │ 0                  │ 0                   │
└──────────────────┴──────────────────┴─────────────────┴─────────────────────┴───────────────────┴──────────────────┴─────────────────────┴────────────────────┴─────────────────────┘
