
===========================================================================
 report_power
============================================================================
======================= nom_ss_100C_1v60 Corner ===================================

Group                    Internal    Switching      Leakage        Total
                            Power        Power        Power        Power (Watts)
------------------------------------------------------------------------
Sequential           2.393901e-07 0.000000e+00 5.886904e-08 2.982591e-07  29.7%
Combinational        2.503367e-07 3.075643e-07 1.012386e-07 6.591396e-07  65.6%
Clock                0.000000e+00 0.000000e+00 4.762490e-08 4.762490e-08   4.7%
Macro                0.000000e+00 0.000000e+00 0.000000e+00 0.000000e+00   0.0%
Pad                  0.000000e+00 0.000000e+00 0.000000e+00 0.000000e+00   0.0%
------------------------------------------------------------------------
Total                4.897267e-07 3.075643e-07 2.077324e-07 1.005023e-06 100.0%
                            48.7%        30.6%        20.7%

