
===========================================================================
 report_power
============================================================================
======================= min_ff_n40C_1v95 Corner ===================================

Group                    Internal    Switching      Leakage        Total
                            Power        Power        Power        Power (Watts)
------------------------------------------------------------------------
Sequential           3.662260e-07 0.000000e+00 6.858980e-11 3.662946e-07  33.7%
Combinational        2.360824e-07 4.280980e-07 1.459413e-10 6.643264e-07  61.2%
Clock                0.000000e+00 0.000000e+00 5.560619e-08 5.560619e-08   5.1%
Macro                0.000000e+00 0.000000e+00 0.000000e+00 0.000000e+00   0.0%
Pad                  0.000000e+00 0.000000e+00 0.000000e+00 0.000000e+00   0.0%
------------------------------------------------------------------------
Total                6.023085e-07 4.280980e-07 5.582072e-08 1.086227e-06 100.0%
                            55.4%        39.4%         5.1%

