
===========================================================================
 report_power
============================================================================
======================= max_ff_n40C_1v95 Corner ===================================

Group                    Internal    Switching      Leakage        Total
                            Power        Power        Power        Power (Watts)
------------------------------------------------------------------------
Sequential           3.661604e-07 0.000000e+00 6.858980e-11 3.662290e-07  29.0%
Combinational        3.607082e-07 4.818107e-07 1.552734e-10 8.426742e-07  66.6%
Clock                0.000000e+00 0.000000e+00 5.562899e-08 5.562899e-08   4.4%
Macro                0.000000e+00 0.000000e+00 0.000000e+00 0.000000e+00   0.0%
Pad                  0.000000e+00 0.000000e+00 0.000000e+00 0.000000e+00   0.0%
------------------------------------------------------------------------
Total                7.268687e-07 4.818107e-07 5.585286e-08 1.264532e-06 100.0%
                            57.5%        38.1%         4.4%

