
===========================================================================
 report_power
============================================================================
======================= min_ff_n40C_1v95 Corner ===================================

Group                    Internal    Switching      Leakage        Total
                            Power        Power        Power        Power (Watts)
------------------------------------------------------------------------
Sequential           3.662041e-07 0.000000e+00 6.858980e-11 3.662727e-07  29.6%
Combinational        3.594451e-07 4.570048e-07 1.552734e-10 8.166052e-07  65.9%
Clock                0.000000e+00 0.000000e+00 5.562899e-08 5.562899e-08   4.5%
Macro                0.000000e+00 0.000000e+00 0.000000e+00 0.000000e+00   0.0%
Pad                  0.000000e+00 0.000000e+00 0.000000e+00 0.000000e+00   0.0%
------------------------------------------------------------------------
Total                7.256492e-07 4.570048e-07 5.585286e-08 1.238507e-06 100.0%
                            58.6%        36.9%         4.5%

