
===========================================================================
 report_power
============================================================================
======================= nom_tt_025C_1v80 Corner ===================================

Group                    Internal    Switching      Leakage        Total
                            Power        Power        Power        Power (Watts)
------------------------------------------------------------------------
Sequential           3.144105e-07 0.000000e+00 3.654228e-11 3.144470e-07  29.4%
Combinational        3.092047e-07 3.996291e-07 1.077892e-10 7.089416e-07  66.2%
Clock                0.000000e+00 0.000000e+00 4.740553e-08 4.740553e-08   4.4%
Macro                0.000000e+00 0.000000e+00 0.000000e+00 0.000000e+00   0.0%
Pad                  0.000000e+00 0.000000e+00 0.000000e+00 0.000000e+00   0.0%
------------------------------------------------------------------------
Total                6.236152e-07 3.996291e-07 4.754986e-08 1.070794e-06 100.0%
                            58.2%        37.3%         4.4%

