
===========================================================================
 report_power
============================================================================
======================= nom_tt_025C_1v80 Corner ===================================

Group                    Internal    Switching      Leakage        Total
                            Power        Power        Power        Power (Watts)
------------------------------------------------------------------------
Sequential           3.144966e-07 0.000000e+00 3.654228e-11 3.145331e-07  35.3%
Combinational        2.043491e-07 3.693930e-07 9.709523e-11 5.738392e-07  64.4%
Clock                0.000000e+00 0.000000e+00 2.326361e-09 2.326361e-09   0.3%
Macro                0.000000e+00 0.000000e+00 0.000000e+00 0.000000e+00   0.0%
Pad                  0.000000e+00 0.000000e+00 0.000000e+00 0.000000e+00   0.0%
------------------------------------------------------------------------
Total                5.188457e-07 3.693930e-07 2.460000e-09 8.906987e-07 100.0%
                            58.3%        41.5%         0.3%
Writing metric power__internal__total: 5.188456952964771e-7
Writing metric power__switching__total: 3.6939297842764063e-7
Writing metric power__leakage__total: 2.4599999814967077e-9
Writing metric power__total: 8.906986863621569e-7

