
===========================================================================
 report_power
============================================================================
======================= min_tt_025C_1v80 Corner ===================================

Group                    Internal    Switching      Leakage        Total
                            Power        Power        Power        Power (Watts)
------------------------------------------------------------------------
Sequential           3.144638e-07 0.000000e+00 3.654228e-11 3.145004e-07  33.9%
Combinational        2.042379e-07 3.612707e-07 9.709522e-11 5.656057e-07  61.0%
Clock                0.000000e+00 0.000000e+00 4.738609e-08 4.738609e-08   5.1%
Macro                0.000000e+00 0.000000e+00 0.000000e+00 0.000000e+00   0.0%
Pad                  0.000000e+00 0.000000e+00 0.000000e+00 0.000000e+00   0.0%
------------------------------------------------------------------------
Total                5.187017e-07 3.612707e-07 4.751973e-08 9.274921e-07 100.0%
                            55.9%        39.0%         5.1%

