
===========================================================================
 report_power
============================================================================
======================= nom_tt_025C_1v80 Corner ===================================

Group                    Internal    Switching      Leakage        Total
                            Power        Power        Power        Power (Watts)
------------------------------------------------------------------------
Sequential           3.144770e-07 0.000000e+00 3.654228e-11 3.145136e-07  31.5%
Combinational        3.093078e-07 3.717219e-07 1.077892e-10 6.811374e-07  68.3%
Clock                0.000000e+00 0.000000e+00 2.326361e-09 2.326361e-09   0.2%
Macro                0.000000e+00 0.000000e+00 0.000000e+00 0.000000e+00   0.0%
Pad                  0.000000e+00 0.000000e+00 0.000000e+00 0.000000e+00   0.0%
------------------------------------------------------------------------
Total                6.237848e-07 3.717219e-07 2.470694e-09 9.979774e-07 100.0%
                            62.5%        37.2%         0.2%
Writing metric power__internal__total: 6.237847856027656e-7
Writing metric power__switching__total: 3.717219101417868e-7
Writing metric power__leakage__total: 2.470694093759107e-9
Writing metric power__total: 9.979773949453374e-7

