
===========================================================================
 report_power
============================================================================
======================= max_tt_025C_1v80 Corner ===================================

Group                    Internal    Switching      Leakage        Total
                            Power        Power        Power        Power (Watts)
------------------------------------------------------------------------
Sequential           3.144390e-07 0.000000e+00 3.654228e-11 3.144756e-07  33.4%
Combinational        2.042178e-07 3.759167e-07 9.709522e-11 5.802316e-07  61.6%
Clock                0.000000e+00 0.000000e+00 4.738609e-08 4.738609e-08   5.0%
Macro                0.000000e+00 0.000000e+00 0.000000e+00 0.000000e+00   0.0%
Pad                  0.000000e+00 0.000000e+00 0.000000e+00 0.000000e+00   0.0%
------------------------------------------------------------------------
Total                5.186569e-07 3.759167e-07 4.751973e-08 9.420933e-07 100.0%
                            55.1%        39.9%         5.0%

