
===========================================================================
 report_power
============================================================================
======================= max_ss_100C_1v60 Corner ===================================

Group                    Internal    Switching      Leakage        Total
                            Power        Power        Power        Power (Watts)
------------------------------------------------------------------------
Sequential           2.392929e-07 0.000000e+00 5.886904e-08 2.981619e-07  33.3%
Combinational        1.669845e-07 2.888286e-07 9.374752e-08 5.495607e-07  61.4%
Clock                0.000000e+00 0.000000e+00 4.760606e-08 4.760606e-08   5.3%
Macro                0.000000e+00 0.000000e+00 0.000000e+00 0.000000e+00   0.0%
Pad                  0.000000e+00 0.000000e+00 0.000000e+00 0.000000e+00   0.0%
------------------------------------------------------------------------
Total                4.062774e-07 2.888286e-07 2.002226e-07 8.953286e-07 100.0%
                            45.4%        32.3%        22.4%

