
===========================================================================
report_checks -unconstrained
===========================================================================
======================= nom_tt_025C_1v80 Corner ===================================

Startpoint: start_in (input port clocked by clk)
Endpoint: _12_ (rising edge-triggered flip-flop)
Path Group: unconstrained
Path Type: max

Fanout         Cap        Slew       Delay        Time   Description
---------------------------------------------------------------------------------------------
                                  4.000000    4.000000 ^ input external delay
     1    0.002186    0.017679    0.008142    4.008142 ^ start_in (in)
                                                         start_in (net)
                      0.017679    0.000000    4.008142 ^ input3/A (sky130_fd_sc_hd__clkbuf_1)
     2    0.004054    0.059887    0.081208    4.089350 ^ input3/X (sky130_fd_sc_hd__clkbuf_1)
                                                         net3 (net)
                      0.059887    0.000000    4.089350 ^ _07_/A_N (sky130_fd_sc_hd__and2b_1)
     1    0.002010    0.031136    0.167383    4.256733 v _07_/X (sky130_fd_sc_hd__and2b_1)
                                                         _05_ (net)
                      0.031136    0.000000    4.256733 v _08_/A (sky130_fd_sc_hd__clkbuf_1)
     1    0.002233    0.024506    0.078118    4.334851 v _08_/X (sky130_fd_sc_hd__clkbuf_1)
                                                         _00_ (net)
                      0.024506    0.000000    4.334851 v _12_/D (sky130_fd_sc_hd__dfstp_1)
                                              4.334851   data arrival time
---------------------------------------------------------------------------------------------
(Path is unconstrained)




===========================================================================
report_checks --slack_max -0.01
============================================================================
======================= nom_tt_025C_1v80 Corner ===================================

No paths found.


===========================================================================
 report_check_types -max_slew -max_cap -max_fanout -violators
============================================================================
======================= nom_tt_025C_1v80 Corner ===================================



===========================================================================
report_parasitic_annotation -report_unannotated
============================================================================
Found 41 unannotated drivers.
 clk_in
 opcode_in0
 opcode_in1
 opcode_in2
 opcode_in3
 rst_in
 start_in
 tx_in
 _06_/X
 _07_/X
 _08_/X
 _09_/Y
 _10_/Y
 _11_/Y
 _12_/Q
 _13_/Q
 _14_/Q
 _15_/X
 _15__4/HI
 _15__4/LO
 _16_/X
 _16__5/HI
 _16__5/LO
 _17_/X
 _17__6/HI
 _17__6/LO
 _18_/X
 _18__7/HI
 _18__7/LO
 _19_/X
 _19__8/HI
 _19__8/LO
 _20_/X
 _20__9/HI
 _20__9/LO
 _21_/X
 _21__10/HI
 _21__10/LO
 input1/X
 input2/X
 input3/X
Found 0 partially unannotated drivers.

===========================================================================
max slew violation count 0
Writing metric design__max_slew_violation__count__corner:nom_tt_025C_1v80: 0
max fanout violation count 0
Writing metric design__max_fanout_violation__count__corner:nom_tt_025C_1v80: 0
max cap violation count 0
Writing metric design__max_cap_violation__count__corner:nom_tt_025C_1v80: 0
============================================================================

===========================================================================
check_setup -verbose -unconstrained_endpoints -multiple_clock -no_clock -no_input_delay -loops -generated_clocks
===========================================================================
Warning: There are 3 unclocked register/latch pins.
  _12_/CLK
  _13_/CLK
  _14_/CLK
Warning: There are 11 unconstrained endpoints.
  busy_out
  done_out
  out4
  out5
  out6
  out7
  out8
  rx_out
  _12_/D
  _13_/D
  _14_/D
