
===========================================================================
 report_power
============================================================================
======================= nom_tt_025C_1v80 Corner ===================================

Group                    Internal    Switching      Leakage        Total
                            Power        Power        Power        Power (Watts)
------------------------------------------------------------------------
Sequential           3.152399e-07 0.000000e+00 3.654228e-11 3.152764e-07  39.4%
Combinational        2.042752e-07 2.777247e-07 9.709523e-11 4.820970e-07  60.3%
Clock                0.000000e+00 0.000000e+00 2.326361e-09 2.326361e-09   0.3%
Macro                0.000000e+00 0.000000e+00 0.000000e+00 0.000000e+00   0.0%
Pad                  0.000000e+00 0.000000e+00 0.000000e+00 0.000000e+00   0.0%
------------------------------------------------------------------------
Total                5.195151e-07 2.777247e-07 2.460000e-09 7.996998e-07 100.0%
                            65.0%        34.7%         0.3%
Writing metric power__internal__total: 5.195150833969819e-7
Writing metric power__switching__total: 2.77724666375434e-7
Writing metric power__leakage__total: 2.4599999814967077e-9
Writing metric power__total: 7.996997624104552e-7

