
===========================================================================
 report_power
============================================================================
======================= nom_tt_025C_1v80 Corner ===================================

Group                    Internal    Switching      Leakage        Total
                            Power        Power        Power        Power (Watts)
------------------------------------------------------------------------
Sequential           3.181365e-07 0.000000e+00 3.491286e-11 3.181714e-07  65.4%
Combinational        7.961908e-08 8.621640e-08 7.078649e-11 1.659063e-07  34.1%
Clock                0.000000e+00 0.000000e+00 2.326361e-09 2.326361e-09   0.5%
Macro                0.000000e+00 0.000000e+00 0.000000e+00 0.000000e+00   0.0%
Pad                  0.000000e+00 0.000000e+00 0.000000e+00 0.000000e+00   0.0%
------------------------------------------------------------------------
Total                3.977556e-07 8.621640e-08 2.432061e-09 4.864041e-07 100.0%
                            81.8%        17.7%         0.5%
Writing metric power__internal__total: 3.9775562754584826e-7
Writing metric power__switching__total: 8.621639580042029e-8
Writing metric power__leakage__total: 2.4320614411266206e-9
Writing metric power__total: 4.864040761276556e-7

