
===========================================================================
 report_power
============================================================================
======================= nom_tt_025C_1v80 Corner ===================================

Group                    Internal    Switching      Leakage        Total
                            Power        Power        Power        Power (Watts)
------------------------------------------------------------------------
Sequential           3.174657e-07 0.000000e+00 3.491286e-11 3.175006e-07  63.4%
Combinational        7.998240e-08 1.011298e-07 6.960549e-11 1.811818e-07  36.2%
Clock                0.000000e+00 0.000000e+00 2.326361e-09 2.326361e-09   0.5%
Macro                0.000000e+00 0.000000e+00 0.000000e+00 0.000000e+00   0.0%
Pad                  0.000000e+00 0.000000e+00 0.000000e+00 0.000000e+00   0.0%
------------------------------------------------------------------------
Total                3.974480e-07 1.011298e-07 2.430880e-09 5.010087e-07 100.0%
                            79.3%        20.2%         0.5%
Writing metric power__internal__total: 3.974480478063924e-7
Writing metric power__switching__total: 1.0112979964560509e-7
Writing metric power__leakage__total: 2.4308803858730244e-9
Writing metric power__total: 5.010086852053064e-7

