
===========================================================================
 report_power
============================================================================
======================= nom_ff_n40C_1v95 Corner ===================================

Group                    Internal    Switching      Leakage        Total
                            Power        Power        Power        Power (Watts)
------------------------------------------------------------------------
Sequential           3.661789e-07 0.000000e+00 6.858980e-11 3.662475e-07  29.2%
Combinational        3.601833e-07 4.731159e-07 1.552734e-10 8.334545e-07  66.4%
Clock                0.000000e+00 0.000000e+00 5.562899e-08 5.562899e-08   4.4%
Macro                0.000000e+00 0.000000e+00 0.000000e+00 0.000000e+00   0.0%
Pad                  0.000000e+00 0.000000e+00 0.000000e+00 0.000000e+00   0.0%
------------------------------------------------------------------------
Total                7.263622e-07 4.731159e-07 5.585286e-08 1.255331e-06 100.0%
                            57.9%        37.7%         4.4%

