
===========================================================================
report_checks -unconstrained
===========================================================================
======================= nom_tt_025C_1v80 Corner ===================================

Startpoint: start_in (input port clocked by clk)
Endpoint: _12_ (rising edge-triggered flip-flop)
Path Group: unconstrained
Path Type: max

Fanout         Cap        Slew       Delay        Time   Description
---------------------------------------------------------------------------------------------
                                  4.000000    4.000000 ^ input external delay
     2    0.004037    0.026020    0.014613    4.014613 ^ start_in (in)
                                                         start_in (net)
                      0.026020    0.000000    4.014613 ^ _07_/A_N (sky130_fd_sc_hd__and2b_2)
     1    0.002015    0.033794    0.191231    4.205844 v _07_/X (sky130_fd_sc_hd__and2b_2)
                                                         _05_ (net)
                      0.033794    0.000000    4.205844 v _08_/A (sky130_fd_sc_hd__buf_1)
     1    0.002233    0.024514    0.079379    4.285223 v _08_/X (sky130_fd_sc_hd__buf_1)
                                                         _00_ (net)
                      0.024514    0.000000    4.285223 v _12_/D (sky130_fd_sc_hd__dfstp_2)
                                              4.285223   data arrival time
---------------------------------------------------------------------------------------------
(Path is unconstrained)




===========================================================================
report_checks --slack_max -0.01
============================================================================
======================= nom_tt_025C_1v80 Corner ===================================

No paths found.


===========================================================================
 report_check_types -max_slew -max_cap -max_fanout -violators
============================================================================
======================= nom_tt_025C_1v80 Corner ===================================



===========================================================================
report_parasitic_annotation -report_unannotated
============================================================================
Found 24 unannotated drivers.
 clk_in
 opcode_in0
 opcode_in1
 opcode_in2
 opcode_in3
 rst_in
 start_in
 tx_in
 _06_/X
 _07_/X
 _08_/X
 _09_/Y
 _10_/Y
 _11_/Y
 _12_/Q
 _13_/Q
 _14_/Q
 _15_/X
 _16_/X
 _17_/X
 _18_/X
 _19_/X
 _20_/X
 _21_/X
Found 0 partially unannotated drivers.

===========================================================================
max slew violation count 0
max fanout violation count 0
max cap violation count 0
============================================================================

===========================================================================
check_setup -verbose -unconstrained_endpoints -multiple_clock -no_clock -no_input_delay -loops -generated_clocks
===========================================================================
Warning: There are 3 unclocked register/latch pins.
  _12_/CLK
  _13_/CLK
  _14_/CLK
Warning: There are 11 unconstrained endpoints.
  busy_out
  done_out
  out4
  out5
  out6
  out7
  out8
  rx_out
  _12_/D
  _13_/D
  _14_/D
