
===========================================================================
 report_power
============================================================================
======================= nom_ff_n40C_1v95 Corner ===================================

Group                    Internal    Switching      Leakage        Total
                            Power        Power        Power        Power (Watts)
------------------------------------------------------------------------
Sequential           3.702467e-07 0.000000e+00 6.589525e-11 3.703126e-07  66.0%
Combinational        8.822250e-08 1.026295e-07 1.312476e-10 1.909832e-07  34.0%
Clock                0.000000e+00 0.000000e+00 0.000000e+00 0.000000e+00   0.0%
Macro                0.000000e+00 0.000000e+00 0.000000e+00 0.000000e+00   0.0%
Pad                  0.000000e+00 0.000000e+00 0.000000e+00 0.000000e+00   0.0%
------------------------------------------------------------------------
Total                4.584692e-07 1.026295e-07 1.971429e-10 5.612958e-07 100.0%
                            81.7%        18.3%         0.0%

